// Jest Snapshot v1, https://goo.gl/fbAQLP

exports[`Test en gifItem Debe hacer match con el snapshot 1`] = `
<div>
  <div
    class="card"
  >
    <img
      alt="Titulo"
      src="https://url.com/feli"
    />
    <p>
      Titulo
    </p>
  </div>
</div>
`;
